geometry total=8192 align=8 adjusted=8184
alloc 69 0 8112
alloc 68 72 8040
alloc 375 144 7664
alloc 158 520 7504
alloc 1 680 7496
alloc 592 688 6904
alloc 379 1280 6520
alloc 554 1664 5960
alloc 509 2224 5448
alloc 316 2736 5128
alloc 191 3056 4936
alloc 326 3248 4608
alloc 449 3576 4152
alloc 480 4032 3672
alloc 283 4512 3384
alloc 26 4800 3352
alloc 333 4832 3016
alloc 548 5168 2464
alloc 87 5720 2376
alloc 294 5808 2080
alloc 345 6104 1728
alloc 432 6456 1296
alloc 283 6888 1008
alloc 554 7176 448
alloc 397 7736 48
alloc 396 -1 48
alloc 487 -1 48
alloc 14 8136 32
alloc 577 -1 32
alloc 456 -1 32
alloc 67 -1 32
alloc 290 -1 32
alloc 325 -1 32
alloc 308 -1 32
alloc 319 -1 32
alloc 358 -1 32
alloc 385 -1 32
alloc 192 -1 32
alloc 187 -1 32
alloc 570 -1 32
alloc 597 -1 32
alloc 228 -1 32
alloc 31 -1 32
alloc 270 -1 32
alloc 185 -1 32
alloc 192 -1 32
alloc 211 -1 32
alloc 274 -1 32
alloc 125 -1 32
alloc 20 8152 8
alloc 447 -1 8
alloc 350 -1 8
alloc 353 -1 8
alloc 40 -1 8
alloc 123 -1 8
alloc 370 -1 8
alloc 589 -1 8
alloc 148 -1 8
alloc 335 -1 8
alloc 206 -1 8
alloc 481 -1 8
alloc 560 -1 8
alloc 19 -1 8
alloc 458 -1 8
alloc 389 -1 8
alloc 316 -1 8
alloc 431 -1 8
alloc 382 -1 8
alloc 433 -1 8
alloc 440 -1 8
alloc 387 -1 8
alloc 250 -1 8
alloc 53 -1 8
alloc 60 -1 8
alloc 567 -1 8
alloc 198 -1 8
alloc 385 -1 8
alloc 24 -1 8
alloc 59 -1 8
alloc 434 -1 8
alloc 133 -1 8
alloc 12 -1 8
alloc 255 -1 8
alloc 190 -1 8
alloc 217 -1 8
alloc 296 -1 8
alloc 459 -1 8
alloc 442 -1 8
alloc 381 -1 8
alloc 396 -1 8
alloc 383 -1 8
alloc 486 -1 8
alloc 129 -1 8
alloc 64 -1 8
alloc 11 -1 8
alloc 346 -1 8
alloc 413 -1 8
alloc 588 -1 8
alloc 255 -1 8
alloc 238 -1 8
alloc 193 -1 8
alloc 336 -1 8
alloc 347 -1 8
alloc 522 -1 8
alloc 37 -1 8
alloc 260 -1 8
alloc 359 -1 8
alloc 502 -1 8
alloc 425 -1 8
alloc 344 -1 8
alloc 195 -1 8
alloc 170 -1 8
alloc 597 -1 8
alloc 132 -1 8
alloc 351 -1 8
alloc 214 -1 8
alloc 521 -1 8
alloc 32 -1 8
alloc 315 -1 8
alloc 306 -1 8
alloc 349 -1 8
alloc 212 -1 8
alloc 311 -1 8
alloc 158 -1 8
alloc 65 -1 8
alloc 272 -1 8
alloc 491 -1 8
alloc 346 -1 8
alloc 61 -1 8
alloc 92 -1 8
alloc 375 -1 8
alloc 158 -1 8
alloc 537 -1 8
alloc 280 -1 8
alloc 403 -1 8
alloc 562 -1 8
alloc 581 -1 8
alloc 388 -1 8
alloc 247 -1 8
alloc 62 -1 8
alloc 385 -1 8
alloc 248 -1 8
alloc 587 -1 8
alloc 562 -1 8
alloc 69 -1 8
alloc 444 -1 8
alloc 7 -1 8
alloc 446 -1 8
alloc 297 -1 8
alloc 56 -1 8
alloc 179 -1 8
alloc 330 -1 8
alloc 229 -1 8
alloc 388 -1 8
alloc 279 -1 8
alloc 14 -1 8
alloc 545 -1 8
alloc 328 -1 8
alloc 307 -1 8
alloc 466 -1 8
alloc 333 -1 8
alloc 548 -1 8
alloc 303 -1 8
alloc 310 -1 8
alloc 497 -1 8
alloc 456 -1 8
alloc 243 -1 8
alloc 402 -1 8
alloc 589 -1 8
alloc 316 -1 8
alloc 63 -1 8
alloc 526 -1 8
alloc 529 -1 8
alloc 376 -1 8
alloc 227 -1 8
alloc 378 -1 8
alloc 525 -1 8
alloc 188 -1 8
alloc 527 -1 8
alloc 534 -1 8
alloc 417 -1 8
alloc 176 -1 8
alloc 387 -1 8
alloc 354 -1 8
alloc 37 -1 8
alloc 436 -1 8
alloc 431 -1 8
alloc 14 -1 8
alloc 105 -1 8
alloc 216 -1 8
alloc 227 -1 8
alloc 594 -1 8
alloc 333 -1 8
alloc 348 -1 8
alloc 383 -1 8
alloc 174 -1 8
alloc 241 -1 8
alloc 544 -1 8
alloc 3 -1 8
alloc 226 -1 8
alloc 29 -1 8
alloc 332 -1 8
alloc 15 -1 8
alloc 414 -1 8
alloc 521 -1 8
alloc 304 -1 8
alloc 3 -1 8
alloc 194 -1 8
alloc 61 -1 8
alloc 156 -1 8
alloc 447 -1 8
alloc 454 -1 8
alloc 201 -1 8
alloc 192 -1 8
alloc 339 -1 8
alloc 450 -1 8
alloc 357 -1 8
alloc 468 -1 8
alloc 191 -1 8
alloc 94 -1 8
alloc 281 -1 8
alloc 264 -1 8
alloc 515 -1 8
alloc 338 -1 8
alloc 293 -1 8
alloc 348 -1 8
alloc 95 -1 8
alloc 574 -1 8
alloc 185 -1 8
alloc 504 -1 8
alloc 395 -1 8
alloc 58 -1 8
alloc 245 -1 8
alloc 540 -1 8
alloc 399 -1 8
alloc 542 -1 8
alloc 521 -1 8
alloc 56 -1 8
alloc 11 -1 8
alloc 386 -1 8
alloc 93 -1 8
alloc 316 -1 8
alloc 439 -1 8
alloc 14 -1 8
alloc 209 -1 8
alloc 184 -1 8
alloc 195 -1 8
alloc 162 -1 8
alloc 437 -1 8
alloc 124 -1 8
alloc 375 -1 8
alloc 478 -1 8
alloc 105 -1 8
alloc 128 -1 8
alloc 355 -1 8
alloc 98 -1 8
alloc 269 -1 8
alloc 268 -1 8
alloc 351 -1 8
alloc 550 -1 8
alloc 497 -1 8
alloc 392 -1 8
alloc 179 -1 8
alloc 490 -1 8
alloc 357 -1 8
alloc 52 -1 8
alloc 87 -1 8
alloc 478 -1 8
alloc 89 -1 8
alloc 80 -1 8
alloc 259 -1 8
alloc 34 -1 8
alloc 165 -1 8
alloc 388 -1 8
alloc 103 -1 8
alloc 342 -1 8
alloc 257 -1 8
alloc 224 -1 8
alloc 67 -1 8
alloc 570 -1 8
alloc 405 -1 8
alloc 348 -1 8
alloc 271 -1 8
alloc 454 -1 8
alloc 409 -1 8
alloc 512 -1 8
alloc 227 -1 8
alloc 178 -1 8
alloc 533 -1 8
alloc 388 -1 8
alloc 495 -1 8
alloc 566 -1 8
alloc 81 -1 8
alloc 48 -1 8
alloc 467 -1 8
alloc 50 -1 8
alloc 341 -1 8
alloc 300 -1 8
alloc 543 -1 8
alloc 182 -1 8
alloc 169 -1 8
alloc 280 -1 8
alloc 563 -1 8
alloc 522 -1 8
alloc 325 -1 8
alloc 364 -1 8
alloc 79 -1 8
alloc 494 -1 8
alloc 201 -1 8
alloc 272 -1 8
alloc 227 -1 8
alloc 506 -1 8
alloc 253 -1 8
alloc 204 -1 8
alloc 351 -1 8
alloc 94 -1 8
alloc 409 -1 8
alloc 560 -1 8
alloc 27 -1 8
alloc 186 -1 8
alloc 373 -1 8
alloc 452 -1 8
alloc 103 -1 8
alloc 318 -1 8
alloc 489 -1 8
alloc 504 -1 8
alloc 443 -1 8
alloc 234 -1 8
alloc 453 -1 8
alloc 28 -1 8
alloc 503 -1 8
alloc 190 -1 8
alloc 505 -1 8
alloc 488 -1 8
alloc 443 -1 8
alloc 322 -1 8
alloc 157 -1 8
alloc 196 -1 8
alloc 431 -1 8
alloc 454 -1 8
alloc 433 -1 8
alloc 384 -1 8
alloc 507 -1 8
alloc 466 -1 8
alloc 45 -1 8
alloc 268 -1 8
alloc 79 -1 8
alloc 542 -1 8
alloc 233 -1 8
alloc 544 -1 8
alloc 555 -1 8
alloc 26 -1 8
alloc 205 -1 8
alloc 580 -1 8
alloc 183 -1 8
alloc 534 -1 8
alloc 521 -1 8
alloc 280 -1 8
alloc 235 -1 8
alloc 578 -1 8
alloc 317 -1 8
alloc 196 -1 8
alloc 591 -1 8
alloc 310 -1 8
alloc 345 -1 8
alloc 280 -1 8
alloc 531 -1 8
alloc 26 -1 8
alloc 557 -1 8
alloc 4 -1 8
alloc 463 -1 8
alloc 430 -1 8
alloc 209 -1 8
alloc 400 -1 8
alloc 195 -1 8
alloc 186 -1 8
alloc 517 -1 8
alloc 332 -1 8
alloc 391 -1 8
alloc 126 -1 8
alloc 481 -1 8
alloc 88 -1 8
alloc 19 -1 8
alloc 106 -1 8
alloc 61 -1 8
alloc 540 -1 8
alloc 383 -1 8
alloc 54 -1 8
alloc 321 -1 8
alloc 184 -1 8
alloc 339 -1 8
alloc 170 -1 8
alloc 229 -1 8
alloc 276 -1 8
alloc 319 -1 8
alloc 222 -1 8
alloc 321 -1 8
alloc 464 -1 8
alloc 563 -1 8
alloc 210 -1 8
alloc 445 -1 8
alloc 572 -1 8
alloc 207 -1 8
alloc 462 -1 8
alloc 313 -1 8
alloc 544 -1 8
alloc 539 -1 8
alloc 258 -1 8
alloc 469 -1 8
alloc 292 -1 8
alloc 15 -1 8
alloc 438 -1 8
alloc 473 -1 8
alloc 48 -1 8
alloc 139 -1 8
alloc 242 -1 8
alloc 397 -1 8
alloc 372 -1 8
alloc 271 -1 8
alloc 158 -1 8
alloc 73 -1 8
alloc 520 -1 8
alloc 107 -1 8
alloc 50 -1 8
alloc 453 -1 8
alloc 52 -1 8
alloc 71 -1 8
alloc 598 -1 8
alloc 465 -1 8
alloc 392 -1 8
alloc 187 -1 8
alloc 570 -1 8
alloc 157 -1 8
alloc 140 -1 8
alloc 31 -1 8
alloc 110 -1 8
alloc 185 -1 8
alloc 536 -1 8
alloc 339 -1 8
alloc 122 -1 8
alloc 181 -1 8
alloc 276 -1 8
alloc 455 -1 8
alloc 254 -1 8
alloc 209 -1 8
alloc 320 -1 8
alloc 539 -1 8
alloc 442 -1 8
alloc 85 -1 8
alloc 76 -1 8
alloc 63 -1 8
alloc 342 -1 8
alloc 417 -1 8
alloc 568 -1 8
alloc 539 -1 8
alloc 418 -1 8
alloc 125 -1 8
alloc 324 -1 8
alloc 527 -1 8
alloc 470 -1 8
alloc 105 -1 8
alloc 464 -1 8
alloc 451 -1 8
alloc 186 -1 8
alloc 453 -1 8
alloc 324 -1 8
alloc 535 -1 8
alloc 462 -1 8
alloc 505 -1 8
alloc 584 -1 8
alloc 355 -1 8
alloc 74 -1 8
alloc 397 -1 8
alloc 516 -1 8
alloc 199 -1 8
alloc 334 -1 8
alloc 289 -1 8
alloc 440 -1 8
alloc 547 -1 8
alloc 18 -1 8
alloc 117 -1 8
alloc 28 -1 8
alloc 495 -1 8
alloc 142 -1 8
alloc 129 -1 8
alloc 512 -1 8
alloc 107 -1 8
alloc 218 -1 8
alloc 149 -1 8
alloc 508 -1 8
alloc 135 -1 8
alloc 358 -1 8
alloc 57 -1 8
alloc 200 -1 8
alloc 123 -1 8
alloc 50 -1 8
alloc 13 -1 8
alloc 196 -1 8
alloc 47 -1 8
alloc 38 -1 8
alloc 401 -1 8
alloc 184 -1 8
alloc 515 -1 8
alloc 562 -1 8
alloc 133 -1 8
alloc 252 -1 8
alloc 119 -1 8
alloc 398 -1 8
alloc 9 -1 8
alloc 80 -1 8
alloc 107 -1 8
alloc 586 -1 8
alloc 213 -1 8
alloc 252 -1 8
alloc 447 -1 8
alloc 102 -1 8
alloc 137 -1 8
alloc 112 -1 8
alloc 235 -1 8
alloc 242 -1 8
alloc 301 -1 8
alloc 332 -1 8
alloc 39 -1 8
alloc 550 -1 8
alloc 145 -1 8
alloc 272 -1 8
alloc 467 -1 8
alloc 250 -1 8
alloc 133 -1 8
alloc 92 -1 8
alloc 543 -1 8
alloc 478 -1 8
alloc 345 -1 8
alloc 24 -1 8
alloc 387 -1 8
alloc 282 -1 8
alloc 173 -1 8
alloc 444 -1 8
alloc 471 -1 8
alloc 558 -1 8
alloc 153 -1 8
alloc 560 -1 8
alloc 563 -1 8
alloc 66 -1 8
alloc 101 -1 8
alloc 444 -1 8
alloc 415 -1 8
alloc 310 -1 8
alloc 209 -1 8
alloc 528 -1 8
alloc 395 -1 8
alloc 442 -1 8
alloc 325 -1 8
alloc 540 -1 8
alloc 559 -1 8
alloc 318 -1 8
alloc 481 -1 8
alloc 392 -1 8
alloc 363 -1 8
alloc 386 -1 8
alloc 237 -1 8
alloc 516 -1 8
alloc 111 -1 8
alloc 254 -1 8
alloc 457 -1 8
alloc 472 -1 8
alloc 11 -1 8
alloc 482 -1 8
alloc 173 -1 8
alloc 276 -1 8
alloc 191 -1 8
alloc 94 -1 8
alloc 513 -1 8
alloc 128 -1 8
alloc 275 -1 8
alloc 274 -1 8
alloc 141 -1 8
alloc 364 -1 8
alloc 447 -1 8
alloc 374 -1 8
alloc 361 -1 8
alloc 200 -1 8
alloc 139 -1 8
alloc 114 -1 8
alloc 245 -1 8
alloc 284 -1 8
alloc 95 -1 8
alloc 110 -1 8
alloc 369 -1 8
alloc 304 -1 8
alloc 195 -1 8
alloc 42 -1 8
alloc 565 -1 8
alloc 236 -1 8
alloc 383 -1 8
alloc 358 -1 8
alloc 297 -1 8
alloc 400 -1 8
alloc 579 -1 8
alloc 266 -1 8
alloc 461 -1 8
alloc 28 -1 8
alloc 599 -1 8
alloc 62 -1 8
alloc 569 -1 8
alloc 480 -1 8
alloc 307 -1 8
alloc 530 -1 8
alloc 205 -1 8
alloc 436 -1 8
alloc 15 -1 8
alloc 22 -1 8
alloc 49 -1 8
alloc 64 -1 8
alloc 355 -1 8
alloc 114 -1 8
alloc 237 -1 8
alloc 540 -1 8
alloc 239 -1 8
alloc 38 -1 8
alloc 417 -1 8
alloc 96 -1 8
alloc 51 -1 8
alloc 322 -1 8
alloc 477 -1 8
alloc 380 -1 8
alloc 327 -1 8
alloc 414 -1 8
alloc 377 -1 8
alloc 552 -1 8
alloc 339 -1 8
alloc 482 -1 8
alloc 237 -1 8
alloc 4 -1 8
alloc 103 -1 8
alloc 502 -1 8
alloc 193 -1 8
alloc 344 -1 8
alloc 227 -1 8
alloc 554 -1 8
alloc 93 -1 8
alloc 548 -1 8
alloc 519 -1 8
alloc 118 -1 8
alloc 489 -1 8
alloc 136 -1 8
alloc 499 -1 8
alloc 146 -1 8
alloc 365 -1 8
alloc 588 -1 8
alloc 559 -1 8
alloc 110 -1 8
alloc 321 -1 8
alloc 96 -1 8
alloc 139 -1 8
alloc 18 -1 8
alloc 253 -1 8
alloc 444 -1 8
alloc 239 -1 8
alloc 270 -1 8
alloc 545 -1 8
alloc 72 -1 8
alloc 203 -1 8
alloc 538 -1 8
alloc 261 -1 8
alloc 220 -1 8
alloc 383 -1 8
alloc 22 -1 8
alloc 457 -1 8
alloc 488 -1 8
alloc 115 -1 8
alloc 570 -1 8
alloc 317 -1 8
alloc 548 -1 8
alloc 303 -1 8
alloc 550 -1 8
alloc 121 -1 8
alloc 136 -1 8
alloc 83 -1 8
alloc 458 -1 8
alloc 557 -1 8
alloc 332 -1 8
alloc 503 -1 8
alloc 598 -1 8
alloc 273 -1 8
alloc 560 -1 8
alloc 59 -1 8
alloc 434 -1 8
alloc 493 -1 8
alloc 484 -1 8
alloc 47 -1 8
alloc 102 -1 8
alloc 505 -1 8
alloc 392 -1 8
alloc 435 -1 8
alloc 282 -1 8
alloc 373 -1 8
alloc 12 -1 8
alloc 415 -1 8
alloc 414 -1 8
alloc 33 -1 8
alloc 224 -1 8
alloc 459 -1 8
alloc 2 -1 8
alloc 13 -1 8
alloc 556 -1 8
alloc 135 -1 8
alloc 230 -1 8
alloc 553 -1 8
alloc 456 -1 8
alloc 579 -1 8
alloc 562 -1 8
alloc 5 -1 8
alloc 380 -1 8
alloc 415 -1 8
alloc 54 -1 8
alloc 569 -1 8
alloc 600 -1 8
alloc 235 -1 8
alloc 562 -1 8
alloc 421 -1 8
alloc 124 -1 8
alloc 511 -1 8
alloc 414 -1 8
alloc 497 -1 8
alloc 432 -1 8
alloc 363 -1 8
alloc 130 -1 8
alloc 485 -1 8
alloc 124 -1 8
alloc 543 -1 8
alloc 238 -1 8
alloc 73 -1 8
alloc 200 -1 8
alloc 355 -1 8
alloc 578 -1 8
alloc 541 -1 8
alloc 52 -1 8
alloc 415 -1 8
alloc 302 -1 8
alloc 17 -1 8
alloc 488 -1 8
alloc 515 -1 8
alloc 410 -1 8
alloc 581 -1 8
alloc 60 -1 8
alloc 103 -1 8
alloc 6 -1 8
alloc 385 -1 8
alloc 456 -1 8
alloc 483 -1 8
alloc 210 -1 8
alloc 77 -1 8
alloc 356 -1 8
alloc 327 -1 8
alloc 30 -1 8
alloc 17 -1 8
alloc 200 -1 8
alloc 363 -1 8
alloc 234 -1 8
alloc 373 -1 8
alloc 308 -1 8
alloc 103 -1 8
alloc 38 -1 8
alloc 345 -1 8
alloc 600 -1 8
alloc 299 -1 8
alloc 122 -1 8
alloc 477 -1 8
alloc 172 -1 8
alloc 287 -1 8
alloc 230 -1 8
alloc 305 -1 8
alloc 112 -1 8
alloc 275 -1 8
alloc 418 -1 8
alloc 525 -1 8
alloc 316 -1 8
alloc 375 -1 8
alloc 54 -1 8
alloc 305 -1 8
alloc 8 -1 8
alloc 139 -1 8
alloc 578 -1 8
alloc 525 -1 8
alloc 20 -1 8
alloc 327 -1 8
alloc 110 -1 8
alloc 193 -1 8
alloc 192 -1 8
alloc 579 -1 8
alloc 402 -1 8
alloc 381 -1 8
alloc 444 -1 8
alloc 215 -1 8
alloc 230 -1 8
alloc 593 -1 8
alloc 256 -1 8
alloc 411 -1 8
alloc 562 -1 8
alloc 413 -1 8
alloc 132 -1 8
alloc 15 -1 8
alloc 302 -1 8
alloc 249 -1 8
alloc 296 -1 8
alloc 403 -1 8
alloc 242 -1 8
alloc 341 -1 8
alloc 500 -1 8
alloc 511 -1 8
alloc 86 -1 8
alloc 105 -1 8
alloc 80 -1 8
alloc 43 -1 8
alloc 474 -1 8
alloc 45 -1 8
alloc 340 -1 8
alloc 167 -1 8
alloc 134 -1 8
alloc 209 -1 8
alloc 400 -1 8
alloc 507 -1 8
alloc 306 -1 8
alloc 533 -1 8
alloc 516 -1 8
alloc 79 -1 8
alloc 214 -1 8
alloc 273 -1 8
alloc 432 -1 8
alloc 203 -1 8
alloc 338 -1 8
alloc 477 -1 8
alloc 204 -1 8
alloc 199 -1 8
alloc 246 -1 8
alloc 129 -1 8
alloc 592 -1 8
alloc 403 -1 8
alloc 394 -1 8
alloc 109 -1 8
alloc 484 -1 8
alloc 583 -1 8
alloc 358 -1 8
alloc 553 -1 8
alloc 432 -1 8
alloc 139 -1 8
alloc 202 -1 8
alloc 237 -1 8
alloc 388 -1 8
alloc 543 -1 8
alloc 510 -1 8
alloc 489 -1 8
alloc 496 -1 8
alloc 403 -1 8
alloc 450 -1 8
alloc 117 -1 8
alloc 324 -1 8
alloc 575 -1 8
alloc 254 -1 8
alloc 121 -1 8
alloc 128 -1 8
alloc 403 -1 8
alloc 170 -1 8
alloc 597 -1 8
alloc 516 -1 8
alloc 79 -1 8
alloc 406 -1 8
alloc 265 -1 8
alloc 544 -1 8
alloc 331 -1 8
alloc 442 -1 8
alloc 581 -1 8
alloc 244 -1 8
alloc 231 -1 8
alloc 502 -1 8
alloc 121 -1 8
alloc 256 -1 8
alloc 283 -1 8
alloc 74 -1 8
alloc 333 -1 8
alloc 212 -1 8
alloc 479 -1 8
alloc 70 -1 8
alloc 505 -1 8
alloc 40 -1 8
alloc 579 -1 8
alloc 2 -1 8
alloc 189 -1 8
alloc 84 -1 8
alloc 271 -1 8
alloc 302 -1 8
alloc 377 -1 8
alloc 592 -1 8
alloc 243 -1 8
alloc 498 -1 8
alloc 133 -1 8
alloc 476 -1 8
alloc 223 -1 8
alloc 358 -1 8
alloc 25 -1 8
alloc 496 -1 8
alloc 507 -1 8
alloc 498 -1 8
alloc 573 -1 8
alloc 484 -1 8
alloc 95 -1 8
alloc 334 -1 8
alloc 361 -1 8
alloc 600 -1 8
alloc 139 -1 8
alloc 594 -1 8
alloc 69 -1 8
alloc 420 -1 8
alloc 535 -1 8
alloc 478 -1 8
alloc 473 -1 8
alloc 96 -1 8
alloc 203 -1 8
alloc 474 -1 8
alloc 181 -1 8
alloc 428 -1 8
alloc 15 -1 8
alloc 182 -1 8
alloc 577 -1 8
alloc 104 -1 8
alloc 67 -1 8
alloc 362 -1 8
alloc 69 -1 8
alloc 340 -1 8
alloc 127 -1 8
alloc 294 -1 8
alloc 225 -1 8
alloc 264 -1 8
alloc 3 -1 8
alloc 330 -1 8
alloc 277 -1 8
alloc 316 -1 8
alloc 487 -1 8
alloc 534 -1 8
alloc 137 -1 8
alloc 432 -1 8
alloc 275 -1 8
alloc 474 -1 8
alloc 413 -1 8
alloc 276 -1 8
alloc 407 -1 8
alloc 22 -1 8
alloc 257 -1 8
alloc 104 -1 8
alloc 11 -1 8
alloc 242 -1 8
alloc 197 -1 8
alloc 500 -1 8
alloc 39 -1 8
alloc 294 -1 8
alloc 545 -1 8
alloc 184 -1 8
alloc 523 -1 8
alloc 90 -1 8
alloc 301 -1 8
alloc 244 -1 8
alloc 327 -1 8
alloc 446 -1 8
alloc 25 -1 8
alloc 360 -1 8
alloc 451 -1 8
alloc 458 -1 8
alloc 453 -1 8
alloc 260 -1 8
alloc 7 -1 8
alloc 374 -1 8
alloc 193 -1 8
alloc 576 -1 8
alloc 75 -1 8
alloc 130 -1 8
alloc 45 -1 8
alloc 20 -1 8
alloc 311 -1 8
alloc 318 -1 8
alloc 257 -1 8
alloc 592 -1 8
alloc 587 -1 8
alloc 418 -1 8
alloc 101 -1 8
alloc 148 -1 8
alloc 559 -1 8
alloc 414 -1 8
alloc 313 -1 8
alloc 400 -1 8
alloc 267 -1 8
alloc 122 -1 8
alloc 445 -1 8
alloc 76 -1 8
alloc 287 -1 8
alloc 566 -1 8
alloc 425 -1 8
alloc 192 -1 8
alloc 147 -1 8
alloc 250 -1 8
alloc 29 -1 8
alloc 156 -1 8
alloc 31 -1 8
alloc 486 -1 8
alloc 385 -1 8
alloc 480 -1 8
alloc 219 -1 8
alloc 378 -1 8
alloc 469 -1 8
alloc 452 -1 8
alloc 511 -1 8
alloc 102 -1 8
alloc 233 -1 8
alloc 384 -1 8
alloc 171 -1 8
alloc 74 -1 8
alloc 37 -1 8
alloc 156 -1 8
alloc 263 -1 8
alloc 398 -1 8
alloc 97 -1 8
alloc 144 -1 8
alloc 267 -1 8
alloc 306 -1 8
alloc 541 -1 8
alloc 492 -1 8
alloc 407 -1 8
alloc 30 -1 8
alloc 481 -1 8
alloc 544 -1 8
alloc 235 -1 8
alloc 426 -1 8
alloc 509 -1 8
alloc 260 -1 8
alloc 327 -1 8
alloc 198 -1 8
alloc 49 -1 8
alloc 144 -1 8
alloc 203 -1 8
alloc 426 -1 8
alloc 13 -1 8
alloc 532 -1 8
alloc 95 -1 8
alloc 446 -1 8
alloc 377 -1 8
alloc 488 -1 8
alloc 371 -1 8
alloc 338 -1 8
alloc 13 -1 8
alloc 500 -1 8
alloc 143 -1 8
alloc 78 -1 8
alloc 9 -1 8
alloc 456 -1 8
alloc 595 -1 8
alloc 474 -1 8
alloc 453 -1 8
alloc 516 -1 8
alloc 119 -1 8
alloc 446 -1 8
alloc 385 -1 8
alloc 600 -1 8
alloc 219 -1 8
alloc 162 -1 8
alloc 261 -1 8
alloc 44 -1 8
alloc 335 -1 8
alloc 94 -1 8
alloc 425 -1 8
alloc 200 -1 8
alloc 531 -1 8
alloc 298 -1 8
alloc 221 -1 8
alloc 588 -1 8
alloc 287 -1 8
alloc 142 -1 8
alloc 33 -1 8
alloc 208 -1 8
alloc 243 -1 8
alloc 378 -1 8
alloc 213 -1 8
alloc 84 -1 8
alloc 551 -1 8
alloc 358 -1 8
alloc 265 -1 8
alloc 320 -1 8
alloc 35 -1 8
alloc 74 -1 8
alloc 157 -1 8
alloc 228 -1 8
alloc 391 -1 8
alloc 150 -1 8
alloc 577 -1 8
alloc 528 -1 8
alloc 467 -1 8
alloc 586 -1 8
alloc 229 -1 8
alloc 180 -1 8
alloc 391 -1 8
alloc 446 -1 8
alloc 145 -1 8
alloc 320 -1 8
alloc 107 -1 8
alloc 210 -1 8
alloc 557 -1 8
alloc 412 -1 8
alloc 143 -1 8
alloc 214 -1 8
alloc 489 -1 8
alloc 328 -1 8
alloc 307 -1 8
alloc 322 -1 8
alloc 85 -1 8
alloc 420 -1 8
alloc 439 -1 8
alloc 318 -1 8
alloc 169 -1 8
alloc 344 -1 8
alloc 467 -1 8
alloc 50 -1 8
alloc 157 -1 8
alloc 476 -1 8
alloc 311 -1 8
alloc 598 -1 8
alloc 441 -1 8
alloc 384 -1 8
alloc 203 -1 8
alloc 266 -1 8
alloc 125 -1 8
alloc 268 -1 8
alloc 503 -1 8
alloc 406 -1 8
alloc 137 -1 8
alloc 312 -1 8
alloc 355 -1 8
alloc 282 -1 8
alloc 309 -1 8
alloc 460 -1 8
alloc 151 -1 8
alloc 6 -1 8
alloc 281 -1 8
alloc 528 -1 8
alloc 539 -1 8
alloc 346 -1 8
alloc 557 -1 8
alloc 436 -1 8
alloc 231 -1 8
alloc 526 -1 8
alloc 17 -1 8
alloc 488 -1 8
alloc 395 -1 8
alloc 546 -1 8
alloc 469 -1 8
alloc 476 -1 8
alloc 319 -1 8
alloc 574 -1 8
alloc 313 -1 8
alloc 216 -1 8
alloc 299 -1 8
alloc 138 -1 8
alloc 229 -1 8
alloc 220 -1 8
alloc 167 -1 8
alloc 94 -1 8
alloc 25 -1 8
alloc 432 -1 8
alloc 499 -1 8
alloc 538 -1 8
alloc 77 -1 8
alloc 52 -1 8
alloc 431 -1 8
alloc 390 -1 8
alloc 281 -1 8
alloc 376 -1 8
alloc 371 -1 8
alloc 178 -1 8
alloc 517 -1 8
alloc 572 -1 8
alloc 543 -1 8
alloc 118 -1 8
alloc 209 -1 8
alloc 352 -1 8
alloc 219 -1 8
alloc 514 -1 8
alloc 437 -1 8
alloc 500 -1 8
alloc 175 -1 8
alloc 494 -1 8
alloc 361 -1 8
alloc 560 -1 8
alloc 299 -1 8
alloc 274 -1 8
alloc 397 -1 8
alloc 156 -1 8
alloc 455 -1 8
alloc 310 -1 8
alloc 529 -1 8
alloc 368 -1 8
alloc 171 -1 8
alloc 202 -1 8
alloc 493 -1 8
alloc 268 -1 8
alloc 343 -1 8
alloc 374 -1 8
alloc 121 -1 8
alloc 320 -1 8
alloc 595 -1 8
alloc 402 -1 8
alloc 229 -1 8
alloc 588 -1 8
alloc 567 -1 8
alloc 502 -1 8
alloc 337 -1 8
alloc 560 -1 8
alloc 355 -1 8
alloc 402 -1 8
alloc 221 -1 8
alloc 596 -1 8
alloc 471 -1 8
alloc 190 -1 8
alloc 217 -1 8
alloc 144 -1 8
alloc 195 -1 8
alloc 114 -1 8
alloc 245 -1 8
alloc 12 -1 8
alloc 439 -1 8
alloc 134 -1 8
alloc 465 -1 8
alloc 544 -1 8
alloc 507 -1 8
alloc 98 -1 8
alloc 501 -1 8
alloc 60 -1 8
alloc 367 -1 8
alloc 574 -1 8
alloc 569 -1 8
alloc 16 -1 8
alloc 259 -1 8
alloc 450 -1 8
alloc 421 -1 8
alloc 452 -1 8
alloc 575 -1 8
alloc 270 -1 8
alloc 489 -1 8
alloc 96 -1 8
alloc 219 -1 8
alloc 562 -1 8
alloc 405 -1 8
alloc 460 -1 8
alloc 439 -1 8
alloc 134 -1 8
alloc 441 -1 8
alloc 376 -1 8
alloc 139 -1 8
alloc 34 -1 8
alloc 269 -1 8
alloc 348 -1 8
alloc 351 -1 8
alloc 214 -1 8
alloc 137 -1 8
alloc 32 -1 8
alloc 363 -1 8
alloc 354 -1 8
alloc 69 -1 8
alloc 140 -1 8
alloc 327 -1 8
alloc 54 -1 8
alloc 33 -1 8
alloc 288 -1 8
alloc 371 -1 8
alloc 298 -1 8
alloc 405 -1 8
alloc 444 -1 8
alloc 431 -1 8
alloc 390 -1 8
alloc 545 -1 8
alloc 64 -1 8
alloc 339 -1 8
alloc 442 -1 8
alloc 589 -1 8
alloc 164 -1 8
alloc 39 -1 8
alloc 214 -1 8
alloc 249 -1 8
alloc 568 -1 8
alloc 443 -1 8
alloc 170 -1 8
alloc 333 -1 8
alloc 524 -1 8
alloc 119 -1 8
alloc 78 -1 8
alloc 553 -1 8
alloc 440 -1 8
alloc 595 -1 8
alloc 298 -1 8
alloc 85 -1 8
alloc 476 -1 8
alloc 175 -1 8
alloc 190 -1 8
alloc 481 -1 8
alloc 464 -1 8
alloc 195 -1 8
alloc 490 -1 8
alloc 245 -1 8
alloc 268 -1 8
alloc 479 -1 8
alloc 502 -1 8
alloc 385 -1 8
alloc 216 -1 8
alloc 451 -1 8
alloc 202 -1 8
alloc 197 -1 8
alloc 444 -1 8
alloc 167 -1 8
alloc 150 -1 8
alloc 593 -1 8
alloc 104 -1 8
alloc 379 -1 8
alloc 210 -1 8
alloc 373 -1 8
alloc 420 -1 8
alloc 359 -1 8
alloc 142 -1 8
alloc 217 -1 8
alloc 512 -1 8
alloc 459 -1 8
alloc 258 -1 8
alloc 453 -1 8
alloc 316 -1 8
alloc 199 -1 8
alloc 286 -1 8
alloc 113 -1 8
alloc 152 -1 8
alloc 355 -1 8
alloc 106 -1 8
alloc 493 -1 8
alloc 332 -1 8
alloc 239 -1 8
alloc 430 -1 8
alloc 177 -1 8
alloc 48 -1 8
alloc 203 -1 8
alloc 194 -1 8
alloc 565 -1 8
alloc 92 -1 8
alloc 47 -1 8
alloc 590 -1 8
alloc 585 -1 8
alloc 368 -1 8
alloc 267 -1 8
alloc 386 -1 8
alloc 189 -1 8
alloc 332 -1 8
alloc 551 -1 8
alloc 278 -1 8
alloc 217 -1 8
alloc 432 -1 8
alloc 139 -1 8
alloc 466 -1 8
alloc 301 -1 8
alloc 460 -1 8
alloc 111 -1 8
alloc 78 -1 8
alloc 481 -1 8
alloc 256 -1 8
alloc 331 -1 8
alloc 386 -1 8
alloc 157 -1 8
alloc 364 -1 8
alloc 519 -1 8
alloc 366 -1 8
alloc 193 -1 8
alloc 184 -1 8
alloc 539 -1 8
alloc 74 -1 8
alloc 165 -1 8
alloc 572 -1 8
alloc 543 -1 8
alloc 398 -1 8
alloc 265 -1 8
alloc 232 -1 8
alloc 195 -1 8
alloc 90 -1 8
alloc 357 -1 8
alloc 268 -1 8
alloc 79 -1 8
alloc 254 -1 8
alloc 49 -1 8
alloc 24 -1 8
alloc 307 -1 8
alloc 354 -1 8
alloc 381 -1 8
alloc 76 -1 8
alloc 271 -1 8
alloc 126 -1 8
alloc 281 -1 8
alloc 368 -1 8
alloc 259 -1 8
alloc 322 -1 8
alloc 221 -1 8
alloc 404 -1 8
alloc 415 -1 8
alloc 86 -1 8
alloc 393 -1 8
alloc 496 -1 8
alloc 19 -1 8
alloc 2 -1 8
alloc 477 -1 8
alloc 204 -1 8
alloc 143 -1 8
alloc 278 -1 8
alloc 129 -1 8
alloc 152 -1 8
alloc 307 -1 8
alloc 66 -1 8
alloc 221 -1 8
alloc 548 -1 8
alloc 295 -1 8
alloc 102 -1 8
alloc 593 -1 8
alloc 552 -1 8
alloc 451 -1 8
alloc 562 -1 8
alloc 357 -1 8
alloc 300 -1 8
alloc 255 -1 8
alloc 14 -1 8
alloc 153 -1 8
alloc 360 -1 8
alloc 539 -1 8
alloc 154 -1 8
alloc 45 -1 8
alloc 308 -1 8
alloc 495 -1 8
alloc 438 -1 8
alloc 241 -1 8
alloc 288 -1 8
alloc 11 -1 8
alloc 42 -1 8
alloc 301 -1 8
alloc 84 -1 8
alloc 175 -1 8
alloc 454 -1 8
alloc 217 -1 8
alloc 184 -1 8
alloc 99 -1 8
alloc 298 -1 8
alloc 293 -1 8
alloc 108 -1 8
alloc 239 -1 8
alloc 534 -1 8
alloc 41 -1 8
alloc 416 -1 8
alloc 571 -1 8
alloc 122 -1 8
alloc 421 -1 8
alloc 324 -1 8
alloc 183 -1 8
alloc 358 -1 8
alloc 385 -1 8
alloc 408 -1 8
alloc 219 -1 8
alloc 274 -1 8
alloc 549 -1 8
alloc 36 -1 8
alloc 423 -1 8
alloc 446 -1 8
alloc 89 -1 8
alloc 408 -1 8
alloc 491 -1 8
alloc 554 -1 8
alloc 165 -1 8
alloc 564 -1 8
alloc 399 -1 8
alloc 174 -1 8
alloc 9 -1 8
alloc 456 -1 8
alloc 531 -1 8
alloc 138 -1 8
alloc 165 -1 8
alloc 100 -1 8
alloc 239 -1 8
alloc 438 -1 8
alloc 161 -1 8
alloc 160 -1 8
alloc 267 -1 8
alloc 370 -1 8
alloc 381 -1 8
alloc 108 -1 8
alloc 407 -1 8
alloc 198 -1 8
alloc 209 -1 8
alloc 160 -1 8
alloc 515 -1 8
alloc 26 -1 8
alloc 533 -1 8
alloc 380 -1 8
alloc 527 -1 8
alloc 310 -1 8
alloc 185 -1 8
alloc 144 -1 8
alloc 539 -1 8
alloc 498 -1 8
alloc 109 -1 8
alloc 156 -1 8
alloc 103 -1 8
alloc 318 -1 8
alloc 41 -1 8
alloc 304 -1 8
alloc 219 -1 8
alloc 474 -1 8
alloc 285 -1 8
alloc 292 -1 8
alloc 191 -1 8
alloc 86 -1 8
alloc 425 -1 8
alloc 464 -1 8
alloc 147 -1 8
alloc 250 -1 8
alloc 261 -1 8
alloc 276 -1 8
alloc 207 -1 8
alloc 598 -1 8
alloc 201 -1 8
alloc 272 -1 8
alloc 195 -1 8
alloc 210 -1 8
alloc 461 -1 8
alloc 436 -1 8
alloc 439 -1 8
alloc 518 -1 8
alloc 73 -1 8
alloc 16 -1 8
alloc 347 -1 8
alloc 42 -1 8
alloc 101 -1 8
alloc 44 -1 8
alloc 111 -1 8
alloc 190 -1 8
alloc 185 -1 8
alloc 336 -1 8
alloc 131 -1 8
alloc 258 -1 8
alloc 285 -1 8
alloc 556 -1 8
alloc 495 -1 8
alloc 510 -1 8
alloc 305 -1 8
alloc 448 -1 8
alloc 339 -1 8
alloc 98 -1 8
alloc 221 -1 8
alloc 316 -1 8
alloc 399 -1 8
alloc 446 -1 8
alloc 585 -1 8
alloc 376 -1 8
alloc 587 -1 8
alloc 266 -1 8
alloc 165 -1 8
alloc 108 -1 8
alloc 455 -1 8
alloc 518 -1 8
alloc 393 -1 8
alloc 496 -1 8
alloc 411 -1 8
alloc 354 -1 8
alloc 325 -1 8
alloc 172 -1 8
alloc 383 -1 8
alloc 22 -1 8
alloc 561 -1 8
alloc 160 -1 8
alloc 507 -1 8
alloc 186 -1 8
alloc 157 -1 8
alloc 188 -1 8
alloc 311 -1 8
alloc 238 -1 8
alloc 265 -1 8
alloc 464 -1 8
alloc 363 -1 8
alloc 362 -1 8
alloc 221 -1 8
alloc 484 -1 8
alloc 231 -1 8
alloc 470 -1 8
alloc 425 -1 8
alloc 592 -1 8
alloc 75 -1 8
alloc 98 -1 8
alloc 253 -1 8
alloc 524 -1 8
alloc 71 -1 8
alloc 542 -1 8
alloc 585 -1 8
alloc 576 -1 8
alloc 539 -1 8
alloc 498 -1 8
alloc 85 -1 8
alloc 52 -1 8
alloc 303 -1 8
alloc 166 -1 8
alloc 233 -1 8
alloc 368 -1 8
alloc 27 -1 8
alloc 10 -1 8
alloc 565 -1 8
alloc 596 -1 8
alloc 399 -1 8
alloc 462 -1 8
alloc 353 -1 8
alloc 216 -1 8
alloc 355 -1 8
alloc 378 -1 8
alloc 357 -1 8
alloc 292 -1 8
alloc 383 -1 8
alloc 110 -1 8
alloc 441 -1 8
alloc 536 -1 8
alloc 99 -1 8
alloc 258 -1 8
alloc 205 -1 8
alloc 20 -1 8
alloc 151 -1 8
alloc 406 -1 8
alloc 377 -1 8
alloc 504 -1 8
alloc 243 -1 8
alloc 250 -1 8
alloc 309 -1 8
alloc 356 -1 8
alloc 399 -1 8
alloc 414 -1 8
alloc 313 -1 8
alloc 448 -1 8
alloc 243 -1 8
alloc 26 -1 8
alloc 53 -1 8
alloc 396 -1 8
alloc 95 -1 8
alloc 54 -1 8
alloc 433 -1 8
alloc 40 -1 8
alloc 259 -1 8
alloc 402 -1 8
alloc 237 -1 8
alloc 124 -1 8
alloc 71 -1 8
alloc 438 -1 8
alloc 585 -1 8
alloc 312 -1 8
alloc 67 -1 8
alloc 42 -1 8
alloc 565 -1 8
alloc 452 -1 8
alloc 551 -1 8
alloc 86 -1 8
alloc 489 -1 8
alloc 64 -1 8
alloc 43 -1 8
alloc 74 -1 8
alloc 237 -1 8
alloc 124 -1 8
alloc 23 -1 8
alloc 574 -1 8
alloc 257 -1 8
alloc 64 -1 8
alloc 259 -1 8
alloc 290 -1 8
alloc 525 -1 8
alloc 524 -1 8
alloc 519 -1 8
alloc 262 -1 8
alloc 449 -1 8
alloc 512 -1 8
alloc 323 -1 8
alloc 570 -1 8
alloc 493 -1 8
alloc 220 -1 8
alloc 439 -1 8
alloc 558 -1 8
alloc 65 -1 8
alloc 512 -1 8
alloc 331 -1 8
alloc 410 -1 8
alloc 149 -1 8
alloc 388 -1 8
alloc 407 -1 8
alloc 446 -1 8
alloc 153 -1 8
alloc 168 -1 8
alloc 371 -1 8
alloc 50 -1 8
alloc 341 -1 8
alloc 52 -1 8
alloc 63 -1 8
alloc 182 -1 8
alloc 265 -1 8
alloc 488 -1 8
alloc 539 -1 8
alloc 410 -1 8
alloc 357 -1 8
alloc 532 -1 8
alloc 271 -1 8
alloc 510 -1 8
alloc 345 -1 8
alloc 440 -1 8
alloc 107 -1 8
alloc 138 -1 8
alloc 277 -1 8
alloc 492 -1 8
alloc 567 -1 8
alloc 190 -1 8
alloc 425 -1 8
alloc 312 -1 8
alloc 411 -1 8
alloc 466 -1 8
alloc 245 -1 8
alloc 404 -1 8
alloc 39 -1 8
alloc 30 -1 8
alloc 377 -1 8
alloc 584 -1 8
alloc 163 -1 8
alloc 346 -1 8
alloc 5 -1 8
alloc 508 -1 8
alloc 543 -1 8
alloc 198 -1 8
alloc 185 -1 8
alloc 560 -1 8
alloc 299 -1 8
alloc 434 -1 8
alloc 293 -1 8
alloc 180 -1 8
alloc 439 -1 8
alloc 302 -1 8
alloc 561 -1 8
alloc 384 -1 8
alloc 179 -1 8
alloc 354 -1 8
alloc 157 -1 8
alloc 212 -1 8
alloc 367 -1 8
alloc 190 -1 8
alloc 561 -1 8
alloc 288 -1 8
alloc 483 -1 8
alloc 562 -1 8
alloc 517 -1 8
alloc 500 -1 8
alloc 143 -1 8
alloc 46 -1 8
alloc 577 -1 8
alloc 304 -1 8
alloc 563 -1 8
alloc 42 -1 8
alloc 237 -1 8
alloc 20 -1 8
alloc 311 -1 8
alloc 422 -1 8
alloc 9 -1 8
alloc 520 -1 8
alloc 219 -1 8
alloc 378 -1 8
alloc 261 -1 8
alloc 244 -1 8
alloc 191 -1 8
alloc 214 -1 8
alloc 233 -1 8
alloc 232 -1 8
alloc 107 -1 8
alloc 570 -1 8
alloc 525 -1 8
alloc 516 -1 8
alloc 583 -1 8
alloc 334 -1 8
alloc 217 -1 8
alloc 592 -1 8
alloc 571 -1 8
alloc 314 -1 8
alloc 285 -1 8
alloc 180 -1 8
alloc 511 -1 8
alloc 86 -1 8
alloc 457 -1 8
alloc 464 -1 8
alloc 123 -1 8
alloc 210 -1 8
alloc 461 -1 8
alloc 388 -1 8
alloc 559 -1 8
alloc 358 -1 8
alloc 577 -1 8
alloc 104 -1 8
alloc 435 -1 8
alloc 98 -1 8
alloc 237 -1 8
alloc 220 -1 8
alloc 375 -1 8
alloc 198 -1 8
alloc 585 -1 8
alloc 424 -1 8
alloc 75 -1 8
alloc 538 -1 8
alloc 501 -1 8
alloc 204 -1 8
alloc 599 -1 8
alloc 126 -1 8
alloc 273 -1 8
alloc 480 -1 8
alloc 571 -1 8
alloc 274 -1 8
alloc 349 -1 8
alloc 172 -1 8
alloc 7 -1 8
alloc 526 -1 8
alloc 425 -1 8
alloc 144 -1 8
alloc 203 -1 8
alloc 338 -1 8
alloc 525 -1 8
alloc 164 -1 8
alloc 599 -1 8
alloc 462 -1 8
alloc 265 -1 8
alloc 424 -1 8
alloc 539 -1 8
alloc 202 -1 8
alloc 189 -1 8
alloc 308 -1 8
alloc 127 -1 8
alloc 494 -1 8
alloc 49 -1 8
alloc 520 -1 8
alloc 571 -1 8
alloc 18 -1 8
alloc 205 -1 8
alloc 44 -1 8
alloc 319 -1 8
alloc 598 -1 8
alloc 161 -1 8
alloc 480 -1 8
alloc 227 -1 8
alloc 362 -1 8
alloc 277 -1 8
alloc 108 -1 8
alloc 479 -1 8
alloc 598 -1 8
alloc 473 -1 8
alloc 360 -1 8
alloc 275 -1 8
alloc 2 -1 8
alloc 597 -1 8
alloc 468 -1 8
alloc 391 -1 8
alloc 294 -1 8
alloc 305 -1 8
alloc 184 -1 8
alloc 283 -1 8
alloc 458 -1 8
alloc 445 -1 8
alloc 28 -1 8
alloc 263 -1 8
alloc 302 -1 8
alloc 241 -1 8
alloc 240 -1 8
alloc 195 -1 8
alloc 58 -1 8
alloc 101 -1 8
alloc 60 -1 8
alloc 87 -1 8
alloc 214 -1 8
alloc 57 -1 8
alloc 224 -1 8
alloc 147 -1 8
alloc 234 -1 8
alloc 413 -1 8
alloc 140 -1 8
alloc 263 -1 8
alloc 134 -1 8
alloc 97 -1 8
alloc 464 -1 8
alloc 115 -1 8
alloc 482 -1 8
alloc 565 -1 8
alloc 292 -1 8
alloc 415 -1 8
alloc 54 -1 8
alloc 169 -1 8
alloc 584 -1 8
alloc 179 -1 8
alloc 474 -1 8
alloc 597 -1 8
alloc 412 -1 8
alloc 279 -1 8
alloc 310 -1 8
alloc 377 -1 8
alloc 224 -1 8
alloc 251 -1 8
alloc 122 -1 8
alloc 453 -1 8
alloc 548 -1 8
alloc 479 -1 8
alloc 350 -1 8
alloc 281 -1 8
alloc 224 -1 8
alloc 395 -1 8
alloc 506 -1 8
alloc 365 -1 8
alloc 236 -1 8
alloc 471 -1 8
alloc 326 -1 8
alloc 385 -1 8
alloc 152 -1 8
alloc 299 -1 8
alloc 66 -1 8
alloc 37 -1 8
alloc 284 -1 8
alloc 391 -1 8
alloc 270 -1 8
alloc 177 -1 8
alloc 208 -1 8
alloc 91 -1 8
alloc 218 -1 8
alloc 125 -1 8
alloc 12 -1 8
alloc 463 -1 8
alloc 478 -1 8
alloc 273 -1 8
alloc 568 -1 8
alloc 51 -1 8
alloc 570 -1 8
alloc 461 -1 8
alloc 68 -1 8
alloc 111 -1 8
alloc 126 -1 8
alloc 97 -1 8
alloc 384 -1 8
alloc 387 -1 8
alloc 250 -1 8
alloc 309 -1 8
alloc 76 -1 8
alloc 7 -1 8
alloc 254 -1 8
alloc 521 -1 8
alloc 352 -1 8
alloc 427 -1 8
alloc 338 -1 8
alloc 141 -1 8
alloc 452 -1 8
alloc 271 -1 8
alloc 286 -1 8
alloc 193 -1 8
alloc 528 -1 8
alloc 147 -1 8
alloc 306 -1 8
alloc 357 -1 8
alloc 484 -1 8
alloc 279 -1 8
alloc 142 -1 8
alloc 529 -1 8
alloc 592 -1 8
alloc 19 -1 8
alloc 258 -1 8
alloc 37 -1 8
alloc 532 -1 8
alloc 415 -1 8
alloc 374 -1 8
alloc 321 -1 8
alloc 600 -1 8
alloc 507 -1 8
alloc 74 -1 8
alloc 597 -1 8
alloc 148 -1 8
alloc 447 -1 8
alloc 358 -1 8
alloc 185 -1 8
alloc 40 -1 8
alloc 299 -1 8
alloc 386 -1 8
alloc 29 -1 8
alloc 84 -1 8
alloc 31 -1 8
alloc 478 -1 8
alloc 225 -1 8
alloc 504 -1 8
alloc 427 -1 8
alloc 410 -1 8
alloc 213 -1 8
alloc 404 -1 8
alloc 271 -1 8
alloc 22 -1 8
alloc 153 -1 8
alloc 168 -1 8
alloc 75 -1 8
alloc 554 -1 8
end refusals=1973 free=8
